// Jest Snapshot v1, https://goo.gl/fbAQLP

exports[`Pruebas en GifGrid.js Debe de mostrar items cuando se cargan im√°genes useFetchGifs 1`] = `
<Fragment>
  <h3
    className="animate__animated animate__fadeIn"
  >
     
    One Punch
     
  </h3>
  <div
    className="card-grid"
  >
    <GifGridItem
      id="ABC"
      key="ABC"
      title="Cualquier cosa"
      url="https://jkkjhk.com"
    />
    <GifGridItem
      id="ABC"
      key="ABC"
      title="Cualquier cosa"
      url="https://jkkjhk.com"
    />
  </div>
</Fragment>
`;

exports[`Pruebas en GifGrid.js Debe mostrar el componente correctamente 1`] = `
<Fragment>
  <h3
    className="animate__animated animate__fadeIn"
  >
     
    One Punch
     
  </h3>
  <p
    className="animate__animated animate__flash"
  >
    Loading
  </p>
  <div
    className="card-grid"
  />
</Fragment>
`;
